---
source: src/visitor.rs
expression: output
---
``````css
@font-face{
  font-family: InterVariable;
  font-style: normal;
  font-weight: 100 900;
  font-display: swap;
  src: url("./rsms.me/inter/font-files/InterVariable.woff2") format('woff2');
}
``````
